<!DOCTYPE html><html lang="en"><head><meta charset="utf-8"><meta name="viewport" content="width=device-width, initial-scale=1.0"><meta name="generator" content="rustdoc"><meta name="description" content="API documentation for the Rust `Approved` trait in crate `pallet_democracy`."><meta name="keywords" content="rust, rustlang, rust-lang, Approved"><title>pallet_democracy::Approved - Rust</title><link rel="stylesheet" type="text/css" href="../normalize.css"><link rel="stylesheet" type="text/css" href="../rustdoc.css" id="mainThemeStyle"><link rel="stylesheet" type="text/css" href="../light.css"  id="themeStyle"><link rel="stylesheet" type="text/css" href="../dark.css" disabled ><link rel="stylesheet" type="text/css" href="../ayu.css" disabled ><script src="../storage.js"></script><noscript><link rel="stylesheet" href="../noscript.css"></noscript><link rel="icon" type="image/svg+xml" href="../favicon.svg">
<link rel="alternate icon" type="image/png" href="../favicon-16x16.png">
<link rel="alternate icon" type="image/png" href="../favicon-32x32.png"><script defer type="text/javascript" src="https://substrate.dev/js/config.js"></script>
<script defer type="text/javascript" src="https://substrate.dev/js/klaro.min.js"></script>
<script async type="opt-in" data-type="application/javascript"
		data-src="https://www.googletagmanager.com/gtag/js?id=UA-145158313-2" data-name="googleAnalytics"></script>
<script type="opt-in" data-type="application/javascript" data-name="googleAnalytics">
      window.dataLayer = window.dataLayer || [];
      function gtag(){dataLayer.push(arguments);}
      gtag('js', new Date());
      gtag('config', 'UA-145158313-2');
</script>

<style type="text/css">#crate-search{background-image:url("../down-arrow.svg");}</style></head><body class="rustdoc trait"><!--[if lte IE 8]><div class="warning">This old browser is unsupported and will most likely display funky things.</div><![endif]--><nav class="sidebar"><div class="sidebar-menu">&#9776;</div><a href='../pallet_democracy/index.html'><div class='logo-container rust-logo'><img src='../rust-logo.png' alt='logo'></div></a><p class="location">Trait Approved</p><div class="sidebar-elems"><div class="block items"><a class="sidebar-title" href="#required-methods">Required Methods</a><div class="sidebar-links"><a href="#tymethod.approved">approved</a></div><a class="sidebar-title" href="#implementors">Implementors</a></div><p class="location"><a href="index.html">pallet_democracy</a></p><script>window.sidebarCurrent = {name: "Approved", ty: "trait", relpath: ""};</script><script defer src="sidebar-items.js"></script></div></nav><div class="theme-picker"><button id="theme-picker" aria-label="Pick another theme!"><img src="../brush.svg" width="18" alt="Pick another theme!"></button><div id="theme-choices"></div></div><script src="../theme.js"></script><nav class="sub"><form class="search-form"><div class="search-container"><div><select id="crate-search"><option value="All crates">All crates</option></select><input class="search-input" name="search" disabled autocomplete="off" spellcheck="false" placeholder="Click or press ‘S’ to search, ‘?’ for more options…" type="search"></div><span class="help-button">?</span>
                <a id="settings-menu" href="../settings.html"><img src="../wheel.svg" width="18" alt="Change settings"></a></div></form></nav><section id="main" class="content"><h1 class="fqn"><span class="out-of-band"><span id="render-detail"><a id="toggle-all-docs" href="javascript:void(0)" title="collapse all docs">[<span class="inner">&#x2212;</span>]</a></span><a class="srclink" href="../src/pallet_democracy/vote_threshold.rs.html#39-43" title="goto source code">[src]</a></span><span class="in-band">Trait <a href="index.html">pallet_democracy</a>::<wbr><a class="trait" href="">Approved</a></span></h1><div class="docblock type-decl hidden-by-usual-hider"><pre class="rust trait">pub trait Approved&lt;Balance&gt; {
    fn <a href="#tymethod.approved" class="fnname">approved</a>(&amp;self, tally: <a class="struct" href="../pallet_democracy/struct.Tally.html" title="struct pallet_democracy::Tally">Tally</a>&lt;Balance&gt;, electorate: Balance) -&gt; <a class="primitive" href="https://doc.rust-lang.org/nightly/std/primitive.bool.html">bool</a>;
}</pre></div><h2 id="required-methods" class="small-section-header">Required methods<a href="#required-methods" class="anchor"></a></h2><div class="methods"><h3 id="tymethod.approved" class="method"><code>fn <a href="#tymethod.approved" class="fnname">approved</a>(&amp;self, tally: <a class="struct" href="../pallet_democracy/struct.Tally.html" title="struct pallet_democracy::Tally">Tally</a>&lt;Balance&gt;, electorate: Balance) -&gt; <a class="primitive" href="https://doc.rust-lang.org/nightly/std/primitive.bool.html">bool</a></code></h3><div class="docblock"><p>Given a <code>tally</code> of votes and a total size of <code>electorate</code>, this returns <code>true</code> if the
overall outcome is in favor of approval according to <code>self</code>'s threshold method.</p>
</div></div><span class="loading-content">Loading content...</span><h2 id="implementors" class="small-section-header">Implementors<a href="#implementors" class="anchor"></a></h2><div class="item-list" id="implementors-list"><h3 id="impl-Approved%3CBalance%3E" class="impl"><code class="in-band">impl&lt;Balance:&nbsp;IntegerSquareRoot + <a class="trait" href="https://docs.rs/num-traits/0.2/num_traits/identities/trait.Zero.html" title="trait num_traits::identities::Zero">Zero</a> + <a class="trait" href="https://doc.rust-lang.org/nightly/core/cmp/trait.Ord.html" title="trait core::cmp::Ord">Ord</a> + <a class="trait" href="https://doc.rust-lang.org/nightly/core/ops/arith/trait.Add.html" title="trait core::ops::arith::Add">Add</a>&lt;Balance, Output = Balance&gt; + <a class="trait" href="https://doc.rust-lang.org/nightly/core/ops/arith/trait.Mul.html" title="trait core::ops::arith::Mul">Mul</a>&lt;Balance, Output = Balance&gt; + <a class="trait" href="https://doc.rust-lang.org/nightly/core/ops/arith/trait.Div.html" title="trait core::ops::arith::Div">Div</a>&lt;Balance, Output = Balance&gt; + <a class="trait" href="https://doc.rust-lang.org/nightly/core/ops/arith/trait.Rem.html" title="trait core::ops::arith::Rem">Rem</a>&lt;Balance, Output = Balance&gt; + <a class="trait" href="https://doc.rust-lang.org/nightly/core/marker/trait.Copy.html" title="trait core::marker::Copy">Copy</a>&gt; Approved&lt;Balance&gt; for <a class="enum" href="../pallet_democracy/enum.VoteThreshold.html" title="enum pallet_democracy::VoteThreshold">VoteThreshold</a></code><a href="#impl-Approved%3CBalance%3E" class="anchor"></a><a class="srclink" href="../src/pallet_democracy/vote_threshold.rs.html#73-90" title="goto source code">[src]</a></h3><div class="impl-items"><h4 id="method.approved" class="method hidden"><code>fn <a href="#method.approved" class="fnname">approved</a>(&amp;self, tally: <a class="struct" href="../pallet_democracy/struct.Tally.html" title="struct pallet_democracy::Tally">Tally</a>&lt;Balance&gt;, electorate: Balance) -&gt; <a class="primitive" href="https://doc.rust-lang.org/nightly/std/primitive.bool.html">bool</a></code><a class="srclink" href="../src/pallet_democracy/vote_threshold.rs.html#78-89" title="goto source code">[src]</a></h4></div></div><span class="loading-content">Loading content...</span><script type="text/javascript" src="../implementors/pallet_democracy/trait.Approved.js" async></script></section><section id="search" class="content hidden"></section><section class="footer"></section><script>window.rootPath = "../";window.currentCrate = "pallet_democracy";</script><script src="../main.js"></script><script defer src="../search-index.js"></script></body></html>